// Jest Snapshot v1, https://goo.gl/fbAQLP

exports[`Header snapshot render 1`] = `
<View
  style={
    Object {
      "flexDirection": "row",
    }
  }
>
  <View
    accessible={true}
    focusable={true}
    onClick={[Function]}
    onResponderGrant={[Function]}
    onResponderMove={[Function]}
    onResponderRelease={[Function]}
    onResponderTerminate={[Function]}
    onResponderTerminationRequest={[Function]}
    onStartShouldSetResponder={[Function]}
    style={
      Object {
        "opacity": 1,
      }
    }
    testID="resetBtn"
  >
    <Text
      style={
        Object {
          "backgroundColor": "cyan",
          "color": "black",
          "flex": 1,
          "fontSize": 25,
          "paddingLeft": 10,
          "paddingRight": 10,
          "textAlign": "left",
        }
      }
    >
      Reset
    </Text>
  </View>
  <Text
    style={
      Object {
        "flex": 1,
        "fontSize": 25,
        "paddingLeft": 10,
        "paddingRight": 10,
        "textAlign": "right",
      }
    }
    testID="counterText"
  >
    Steps 0
  </Text>
</View>
`;
